  Determining projects to restore...
  All projects are up-to-date for restore.
C:\Program Files\dotnet\sdk\10.0.200-preview.0.26103.119\Sdks\Microsoft.NET.Sdk\targets\Microsoft.NET.RuntimeIdentifierInference.targets(383,5): message NETSDK1057: You are using a preview version of .NET. See: https://aka.ms/dotnet-support-policy [D:\AtlasAI_OLD\AtlasAI.csproj]
D:\AtlasAI_OLD\App.xaml.cs(670,18): error CS1061: 'MediaCentreViewModel' does not contain a definition for 'PlayExternalUrlOrPath' and no accessible extension method 'PlayExternalUrlOrPath' accepting a first argument of type 'MediaCentreViewModel' could be found (are you missing a using directive or an assembly reference?) [D:\AtlasAI_OLD\AtlasAI_xzvrhx2i_wpftmp.csproj]
D:\AtlasAI_OLD\Views\MediaCentre\MusicView.xaml.cs(59,21): error CS0103: The name 'MusicWebView' does not exist in the current context [D:\AtlasAI_OLD\AtlasAI_xzvrhx2i_wpftmp.csproj]
D:\AtlasAI_OLD\Views\MediaCentre\MusicView.xaml.cs(60,21): error CS0103: The name 'MusicWebView' does not exist in the current context [D:\AtlasAI_OLD\AtlasAI_xzvrhx2i_wpftmp.csproj]
D:\AtlasAI_OLD\Views\MediaCentre\MusicView.xaml.cs(67,17): error CS0103: The name 'MusicWebView' does not exist in the current context [D:\AtlasAI_OLD\AtlasAI_xzvrhx2i_wpftmp.csproj]
D:\AtlasAI_OLD\Views\MediaCentre\MusicView.xaml.cs(69,19): error CS0103: The name 'MusicWebView' does not exist in the current context [D:\AtlasAI_OLD\AtlasAI_xzvrhx2i_wpftmp.csproj]
D:\AtlasAI_OLD\Views\MediaCentre\MusicView.xaml.cs(71,13): error CS0103: The name 'MusicWebView' does not exist in the current context [D:\AtlasAI_OLD\AtlasAI_xzvrhx2i_wpftmp.csproj]
D:\AtlasAI_OLD\Views\MediaCentre\MusicView.xaml.cs(72,13): error CS0103: The name 'MusicWebView' does not exist in the current context [D:\AtlasAI_OLD\AtlasAI_xzvrhx2i_wpftmp.csproj]
D:\AtlasAI_OLD\Views\MediaCentre\MusicView.xaml.cs(73,13): error CS0103: The name 'MusicWebView' does not exist in the current context [D:\AtlasAI_OLD\AtlasAI_xzvrhx2i_wpftmp.csproj]
D:\AtlasAI_OLD\Views\MediaCentre\MusicView.xaml.cs(83,17): error CS0103: The name 'MusicWebView' does not exist in the current context [D:\AtlasAI_OLD\AtlasAI_xzvrhx2i_wpftmp.csproj]
D:\AtlasAI_OLD\Views\MediaCentre\MusicView.xaml.cs(88,17): error CS0103: The name 'MusicWebView' does not exist in the current context [D:\AtlasAI_OLD\AtlasAI_xzvrhx2i_wpftmp.csproj]
D:\AtlasAI_OLD\Views\MediaCentre\MusicView.xaml.cs(89,17): error CS0103: The name 'MusicWebView' does not exist in the current context [D:\AtlasAI_OLD\AtlasAI_xzvrhx2i_wpftmp.csproj]
D:\AtlasAI_OLD\Views\MediaCentre\MusicView.xaml.cs(91,17): error CS0103: The name 'MusicWebView' does not exist in the current context [D:\AtlasAI_OLD\AtlasAI_xzvrhx2i_wpftmp.csproj]
D:\AtlasAI_OLD\Views\MediaCentre\MusicView.xaml.cs(94,17): error CS0103: The name 'MusicWebView' does not exist in the current context [D:\AtlasAI_OLD\AtlasAI_xzvrhx2i_wpftmp.csproj]
D:\AtlasAI_OLD\Views\MediaCentre\MusicView.xaml.cs(117,36): error CS0103: The name 'MusicWebView' does not exist in the current context [D:\AtlasAI_OLD\AtlasAI_xzvrhx2i_wpftmp.csproj]
D:\AtlasAI_OLD\Views\MediaCentre\MusicView.xaml.cs(243,39): error CS0103: The name 'MusicWebView' does not exist in the current context [D:\AtlasAI_OLD\AtlasAI_xzvrhx2i_wpftmp.csproj]
D:\AtlasAI_OLD\Views\MediaCentre\MusicView.xaml.cs(267,13): error CS0103: The name 'MusicWebView' does not exist in the current context [D:\AtlasAI_OLD\AtlasAI_xzvrhx2i_wpftmp.csproj]
D:\AtlasAI_OLD\Views\MediaCentre\MusicView.xaml.cs(272,17): error CS0103: The name 'MusicWebView' does not exist in the current context [D:\AtlasAI_OLD\AtlasAI_xzvrhx2i_wpftmp.csproj]
D:\AtlasAI_OLD\Views\MediaCentre\MusicView.xaml.cs(306,15): error CS0103: The name 'MusicWebView' does not exist in the current context [D:\AtlasAI_OLD\AtlasAI_xzvrhx2i_wpftmp.csproj]
D:\AtlasAI_OLD\Views\MediaCentre\MusicView.xaml(521,113): error CS1061: 'MusicView' does not contain a definition for 'BottomSeek_PreviewMouseLeftButtonDown' and no accessible extension method 'BottomSeek_PreviewMouseLeftButtonDown' accepting a first argument of type 'MusicView' could be found (are you missing a using directive or an assembly reference?) [D:\AtlasAI_OLD\AtlasAI_xzvrhx2i_wpftmp.csproj]
D:\AtlasAI_OLD\Views\MediaCentre\MusicView.xaml(522,111): error CS1061: 'MusicView' does not contain a definition for 'BottomSeek_PreviewMouseLeftButtonUp' and no accessible extension method 'BottomSeek_PreviewMouseLeftButtonUp' accepting a first argument of type 'MusicView' could be found (are you missing a using directive or an assembly reference?) [D:\AtlasAI_OLD\AtlasAI_xzvrhx2i_wpftmp.csproj]
D:\AtlasAI_OLD\Views\MediaCentre\MusicView.xaml(212,108): error CS1061: 'MusicView' does not contain a definition for 'AlbumOpen_Click' and no accessible extension method 'AlbumOpen_Click' accepting a first argument of type 'MusicView' could be found (are you missing a using directive or an assembly reference?) [D:\AtlasAI_OLD\AtlasAI_xzvrhx2i_wpftmp.csproj]
D:\AtlasAI_OLD\Views\MediaCentre\MusicView.xaml(215,110): error CS1061: 'MusicView' does not contain a definition for 'AlbumOpenMenu_Click' and no accessible extension method 'AlbumOpenMenu_Click' accepting a first argument of type 'MusicView' could be found (are you missing a using directive or an assembly reference?) [D:\AtlasAI_OLD\AtlasAI_xzvrhx2i_wpftmp.csproj]
D:\AtlasAI_OLD\Views\MediaCentre\MusicView.xaml(216,110): error CS1061: 'MusicView' does not contain a definition for 'AlbumOpenFolder_Click' and no accessible extension method 'AlbumOpenFolder_Click' accepting a first argument of type 'MusicView' could be found (are you missing a using directive or an assembly reference?) [D:\AtlasAI_OLD\AtlasAI_xzvrhx2i_wpftmp.csproj]
D:\AtlasAI_OLD\Views\MediaCentre\MusicView.xaml(217,110): error CS1061: 'MusicView' does not contain a definition for 'AlbumEdit_Click' and no accessible extension method 'AlbumEdit_Click' accepting a first argument of type 'MusicView' could be found (are you missing a using directive or an assembly reference?) [D:\AtlasAI_OLD\AtlasAI_xzvrhx2i_wpftmp.csproj]
D:\AtlasAI_OLD\Views\MediaCentre\MusicView.xaml(218,110): error CS1061: 'MusicView' does not contain a definition for 'AlbumOptimize_Click' and no accessible extension method 'AlbumOptimize_Click' accepting a first argument of type 'MusicView' could be found (are you missing a using directive or an assembly reference?) [D:\AtlasAI_OLD\AtlasAI_xzvrhx2i_wpftmp.csproj]
D:\AtlasAI_OLD\Views\MediaCentre\MusicView.xaml(220,110): error CS1061: 'MusicView' does not contain a definition for 'AlbumRemove_Click' and no accessible extension method 'AlbumRemove_Click' accepting a first argument of type 'MusicView' could be found (are you missing a using directive or an assembly reference?) [D:\AtlasAI_OLD\AtlasAI_xzvrhx2i_wpftmp.csproj]
D:\AtlasAI_OLD\Views\MediaCentre\MusicView.xaml(412,110): error CS1061: 'MusicView' does not contain a definition for 'TrackPlay_Click' and no accessible extension method 'TrackPlay_Click' accepting a first argument of type 'MusicView' could be found (are you missing a using directive or an assembly reference?) [D:\AtlasAI_OLD\AtlasAI_xzvrhx2i_wpftmp.csproj]
D:\AtlasAI_OLD\Views\MediaCentre\MusicView.xaml(413,110): error CS1061: 'MusicView' does not contain a definition for 'TrackAddToQueue_Click' and no accessible extension method 'TrackAddToQueue_Click' accepting a first argument of type 'MusicView' could be found (are you missing a using directive or an assembly reference?) [D:\AtlasAI_OLD\AtlasAI_xzvrhx2i_wpftmp.csproj]
D:\AtlasAI_OLD\Views\MediaCentre\MusicView.xaml(414,110): error CS1061: 'MusicView' does not contain a definition for 'TrackQueueNext_Click' and no accessible extension method 'TrackQueueNext_Click' accepting a first argument of type 'MusicView' could be found (are you missing a using directive or an assembly reference?) [D:\AtlasAI_OLD\AtlasAI_xzvrhx2i_wpftmp.csproj]
D:\AtlasAI_OLD\Views\MediaCentre\MusicView.xaml(416,110): error CS1061: 'MusicView' does not contain a definition for 'TrackOpenFolder_Click' and no accessible extension method 'TrackOpenFolder_Click' accepting a first argument of type 'MusicView' could be found (are you missing a using directive or an assembly reference?) [D:\AtlasAI_OLD\AtlasAI_xzvrhx2i_wpftmp.csproj]
D:\AtlasAI_OLD\Views\MediaCentre\MusicView.xaml(417,110): error CS1061: 'MusicView' does not contain a definition for 'TrackEdit_Click' and no accessible extension method 'TrackEdit_Click' accepting a first argument of type 'MusicView' could be found (are you missing a using directive or an assembly reference?) [D:\AtlasAI_OLD\AtlasAI_xzvrhx2i_wpftmp.csproj]
D:\AtlasAI_OLD\Views\MediaCentre\MusicView.xaml(419,110): error CS1061: 'MusicView' does not contain a definition for 'CopyTrackPath_Click' and no accessible extension method 'CopyTrackPath_Click' accepting a first argument of type 'MusicView' could be found (are you missing a using directive or an assembly reference?) [D:\AtlasAI_OLD\AtlasAI_xzvrhx2i_wpftmp.csproj]

Build FAILED.

D:\AtlasAI_OLD\App.xaml.cs(670,18): error CS1061: 'MediaCentreViewModel' does not contain a definition for 'PlayExternalUrlOrPath' and no accessible extension method 'PlayExternalUrlOrPath' accepting a first argument of type 'MediaCentreViewModel' could be found (are you missing a using directive or an assembly reference?) [D:\AtlasAI_OLD\AtlasAI_xzvrhx2i_wpftmp.csproj]
D:\AtlasAI_OLD\Views\MediaCentre\MusicView.xaml.cs(59,21): error CS0103: The name 'MusicWebView' does not exist in the current context [D:\AtlasAI_OLD\AtlasAI_xzvrhx2i_wpftmp.csproj]
D:\AtlasAI_OLD\Views\MediaCentre\MusicView.xaml.cs(60,21): error CS0103: The name 'MusicWebView' does not exist in the current context [D:\AtlasAI_OLD\AtlasAI_xzvrhx2i_wpftmp.csproj]
D:\AtlasAI_OLD\Views\MediaCentre\MusicView.xaml.cs(67,17): error CS0103: The name 'MusicWebView' does not exist in the current context [D:\AtlasAI_OLD\AtlasAI_xzvrhx2i_wpftmp.csproj]
D:\AtlasAI_OLD\Views\MediaCentre\MusicView.xaml.cs(69,19): error CS0103: The name 'MusicWebView' does not exist in the current context [D:\AtlasAI_OLD\AtlasAI_xzvrhx2i_wpftmp.csproj]
D:\AtlasAI_OLD\Views\MediaCentre\MusicView.xaml.cs(71,13): error CS0103: The name 'MusicWebView' does not exist in the current context [D:\AtlasAI_OLD\AtlasAI_xzvrhx2i_wpftmp.csproj]
D:\AtlasAI_OLD\Views\MediaCentre\MusicView.xaml.cs(72,13): error CS0103: The name 'MusicWebView' does not exist in the current context [D:\AtlasAI_OLD\AtlasAI_xzvrhx2i_wpftmp.csproj]
D:\AtlasAI_OLD\Views\MediaCentre\MusicView.xaml.cs(73,13): error CS0103: The name 'MusicWebView' does not exist in the current context [D:\AtlasAI_OLD\AtlasAI_xzvrhx2i_wpftmp.csproj]
D:\AtlasAI_OLD\Views\MediaCentre\MusicView.xaml.cs(83,17): error CS0103: The name 'MusicWebView' does not exist in the current context [D:\AtlasAI_OLD\AtlasAI_xzvrhx2i_wpftmp.csproj]
D:\AtlasAI_OLD\Views\MediaCentre\MusicView.xaml.cs(88,17): error CS0103: The name 'MusicWebView' does not exist in the current context [D:\AtlasAI_OLD\AtlasAI_xzvrhx2i_wpftmp.csproj]
D:\AtlasAI_OLD\Views\MediaCentre\MusicView.xaml.cs(89,17): error CS0103: The name 'MusicWebView' does not exist in the current context [D:\AtlasAI_OLD\AtlasAI_xzvrhx2i_wpftmp.csproj]
D:\AtlasAI_OLD\Views\MediaCentre\MusicView.xaml.cs(91,17): error CS0103: The name 'MusicWebView' does not exist in the current context [D:\AtlasAI_OLD\AtlasAI_xzvrhx2i_wpftmp.csproj]
D:\AtlasAI_OLD\Views\MediaCentre\MusicView.xaml.cs(94,17): error CS0103: The name 'MusicWebView' does not exist in the current context [D:\AtlasAI_OLD\AtlasAI_xzvrhx2i_wpftmp.csproj]
D:\AtlasAI_OLD\Views\MediaCentre\MusicView.xaml.cs(117,36): error CS0103: The name 'MusicWebView' does not exist in the current context [D:\AtlasAI_OLD\AtlasAI_xzvrhx2i_wpftmp.csproj]
D:\AtlasAI_OLD\Views\MediaCentre\MusicView.xaml.cs(243,39): error CS0103: The name 'MusicWebView' does not exist in the current context [D:\AtlasAI_OLD\AtlasAI_xzvrhx2i_wpftmp.csproj]
D:\AtlasAI_OLD\Views\MediaCentre\MusicView.xaml.cs(267,13): error CS0103: The name 'MusicWebView' does not exist in the current context [D:\AtlasAI_OLD\AtlasAI_xzvrhx2i_wpftmp.csproj]
D:\AtlasAI_OLD\Views\MediaCentre\MusicView.xaml.cs(272,17): error CS0103: The name 'MusicWebView' does not exist in the current context [D:\AtlasAI_OLD\AtlasAI_xzvrhx2i_wpftmp.csproj]
D:\AtlasAI_OLD\Views\MediaCentre\MusicView.xaml.cs(306,15): error CS0103: The name 'MusicWebView' does not exist in the current context [D:\AtlasAI_OLD\AtlasAI_xzvrhx2i_wpftmp.csproj]
D:\AtlasAI_OLD\Views\MediaCentre\MusicView.xaml(521,113): error CS1061: 'MusicView' does not contain a definition for 'BottomSeek_PreviewMouseLeftButtonDown' and no accessible extension method 'BottomSeek_PreviewMouseLeftButtonDown' accepting a first argument of type 'MusicView' could be found (are you missing a using directive or an assembly reference?) [D:\AtlasAI_OLD\AtlasAI_xzvrhx2i_wpftmp.csproj]
D:\AtlasAI_OLD\Views\MediaCentre\MusicView.xaml(522,111): error CS1061: 'MusicView' does not contain a definition for 'BottomSeek_PreviewMouseLeftButtonUp' and no accessible extension method 'BottomSeek_PreviewMouseLeftButtonUp' accepting a first argument of type 'MusicView' could be found (are you missing a using directive or an assembly reference?) [D:\AtlasAI_OLD\AtlasAI_xzvrhx2i_wpftmp.csproj]
D:\AtlasAI_OLD\Views\MediaCentre\MusicView.xaml(212,108): error CS1061: 'MusicView' does not contain a definition for 'AlbumOpen_Click' and no accessible extension method 'AlbumOpen_Click' accepting a first argument of type 'MusicView' could be found (are you missing a using directive or an assembly reference?) [D:\AtlasAI_OLD\AtlasAI_xzvrhx2i_wpftmp.csproj]
D:\AtlasAI_OLD\Views\MediaCentre\MusicView.xaml(215,110): error CS1061: 'MusicView' does not contain a definition for 'AlbumOpenMenu_Click' and no accessible extension method 'AlbumOpenMenu_Click' accepting a first argument of type 'MusicView' could be found (are you missing a using directive or an assembly reference?) [D:\AtlasAI_OLD\AtlasAI_xzvrhx2i_wpftmp.csproj]
D:\AtlasAI_OLD\Views\MediaCentre\MusicView.xaml(216,110): error CS1061: 'MusicView' does not contain a definition for 'AlbumOpenFolder_Click' and no accessible extension method 'AlbumOpenFolder_Click' accepting a first argument of type 'MusicView' could be found (are you missing a using directive or an assembly reference?) [D:\AtlasAI_OLD\AtlasAI_xzvrhx2i_wpftmp.csproj]
D:\AtlasAI_OLD\Views\MediaCentre\MusicView.xaml(217,110): error CS1061: 'MusicView' does not contain a definition for 'AlbumEdit_Click' and no accessible extension method 'AlbumEdit_Click' accepting a first argument of type 'MusicView' could be found (are you missing a using directive or an assembly reference?) [D:\AtlasAI_OLD\AtlasAI_xzvrhx2i_wpftmp.csproj]
D:\AtlasAI_OLD\Views\MediaCentre\MusicView.xaml(218,110): error CS1061: 'MusicView' does not contain a definition for 'AlbumOptimize_Click' and no accessible extension method 'AlbumOptimize_Click' accepting a first argument of type 'MusicView' could be found (are you missing a using directive or an assembly reference?) [D:\AtlasAI_OLD\AtlasAI_xzvrhx2i_wpftmp.csproj]
D:\AtlasAI_OLD\Views\MediaCentre\MusicView.xaml(220,110): error CS1061: 'MusicView' does not contain a definition for 'AlbumRemove_Click' and no accessible extension method 'AlbumRemove_Click' accepting a first argument of type 'MusicView' could be found (are you missing a using directive or an assembly reference?) [D:\AtlasAI_OLD\AtlasAI_xzvrhx2i_wpftmp.csproj]
D:\AtlasAI_OLD\Views\MediaCentre\MusicView.xaml(412,110): error CS1061: 'MusicView' does not contain a definition for 'TrackPlay_Click' and no accessible extension method 'TrackPlay_Click' accepting a first argument of type 'MusicView' could be found (are you missing a using directive or an assembly reference?) [D:\AtlasAI_OLD\AtlasAI_xzvrhx2i_wpftmp.csproj]
D:\AtlasAI_OLD\Views\MediaCentre\MusicView.xaml(413,110): error CS1061: 'MusicView' does not contain a definition for 'TrackAddToQueue_Click' and no accessible extension method 'TrackAddToQueue_Click' accepting a first argument of type 'MusicView' could be found (are you missing a using directive or an assembly reference?) [D:\AtlasAI_OLD\AtlasAI_xzvrhx2i_wpftmp.csproj]
D:\AtlasAI_OLD\Views\MediaCentre\MusicView.xaml(414,110): error CS1061: 'MusicView' does not contain a definition for 'TrackQueueNext_Click' and no accessible extension method 'TrackQueueNext_Click' accepting a first argument of type 'MusicView' could be found (are you missing a using directive or an assembly reference?) [D:\AtlasAI_OLD\AtlasAI_xzvrhx2i_wpftmp.csproj]
D:\AtlasAI_OLD\Views\MediaCentre\MusicView.xaml(416,110): error CS1061: 'MusicView' does not contain a definition for 'TrackOpenFolder_Click' and no accessible extension method 'TrackOpenFolder_Click' accepting a first argument of type 'MusicView' could be found (are you missing a using directive or an assembly reference?) [D:\AtlasAI_OLD\AtlasAI_xzvrhx2i_wpftmp.csproj]
D:\AtlasAI_OLD\Views\MediaCentre\MusicView.xaml(417,110): error CS1061: 'MusicView' does not contain a definition for 'TrackEdit_Click' and no accessible extension method 'TrackEdit_Click' accepting a first argument of type 'MusicView' could be found (are you missing a using directive or an assembly reference?) [D:\AtlasAI_OLD\AtlasAI_xzvrhx2i_wpftmp.csproj]
D:\AtlasAI_OLD\Views\MediaCentre\MusicView.xaml(419,110): error CS1061: 'MusicView' does not contain a definition for 'CopyTrackPath_Click' and no accessible extension method 'CopyTrackPath_Click' accepting a first argument of type 'MusicView' could be found (are you missing a using directive or an assembly reference?) [D:\AtlasAI_OLD\AtlasAI_xzvrhx2i_wpftmp.csproj]
    0 Warning(s)
    32 Error(s)

Time Elapsed 00:00:11.74
